###############################################################################
#                                                                             #
# IAR ELF Linker V6.70.2.6274/W32 for ARM               01/Jan/2014  18:41:38 #
# Copyright 2007-2013 IAR Systems AB.                                         #
#                                                                             #
#    Output file  =  C:\Users\Sean\Downloads\stsw-stm32121\STM32_USB-FS-Devic #
#                    e_Lib_V4.0.0\Projects\VirtualComport_Loopback\EWARM\STM3 #
#                    2373C_EVAL\Exe\VirtualComport_Loopback.out               #
#    Map file     =  C:\Users\Sean\Downloads\stsw-stm32121\STM32_USB-FS-Devic #
#                    e_Lib_V4.0.0\Projects\VirtualComport_Loopback\EWARM\STM3 #
#                    2373C_EVAL\List\VirtualComport_Loopback.map              #
#    Command line =  C:\Users\Sean\Downloads\stsw-stm32121\STM32_USB-FS-Devic #
#                    e_Lib_V4.0.0\Projects\VirtualComport_Loopback\EWARM\STM3 #
#                    2373C_EVAL\Obj\hw_config.o C:\Users\Sean\Downloads\stsw- #
#                    stm32121\STM32_USB-FS-Device_Lib_V4.0.0\Projects\Virtual #
#                    Comport_Loopback\EWARM\STM32373C_EVAL\Obj\main.o         #
#                    C:\Users\Sean\Downloads\stsw-stm32121\STM32_USB-FS-Devic #
#                    e_Lib_V4.0.0\Projects\VirtualComport_Loopback\EWARM\STM3 #
#                    2373C_EVAL\Obj\startup_stm32f37x.o                       #
#                    C:\Users\Sean\Downloads\stsw-stm32121\STM32_USB-FS-Devic #
#                    e_Lib_V4.0.0\Projects\VirtualComport_Loopback\EWARM\STM3 #
#                    2373C_EVAL\Obj\stm32373c_eval.o                          #
#                    C:\Users\Sean\Downloads\stsw-stm32121\STM32_USB-FS-Devic #
#                    e_Lib_V4.0.0\Projects\VirtualComport_Loopback\EWARM\STM3 #
#                    2373C_EVAL\Obj\stm32373c_eval_lcd.o                      #
#                    C:\Users\Sean\Downloads\stsw-stm32121\STM32_USB-FS-Devic #
#                    e_Lib_V4.0.0\Projects\VirtualComport_Loopback\EWARM\STM3 #
#                    2373C_EVAL\Obj\stm32_it.o C:\Users\Sean\Downloads\stsw-s #
#                    tm32121\STM32_USB-FS-Device_Lib_V4.0.0\Projects\VirtualC #
#                    omport_Loopback\EWARM\STM32373C_EVAL\Obj\stm32f37x_adc.o #
#                     C:\Users\Sean\Downloads\stsw-stm32121\STM32_USB-FS-Devi #
#                    ce_Lib_V4.0.0\Projects\VirtualComport_Loopback\EWARM\STM #
#                    32373C_EVAL\Obj\stm32f37x_can.o                          #
#                    C:\Users\Sean\Downloads\stsw-stm32121\STM32_USB-FS-Devic #
#                    e_Lib_V4.0.0\Projects\VirtualComport_Loopback\EWARM\STM3 #
#                    2373C_EVAL\Obj\stm32f37x_dma.o                           #
#                    C:\Users\Sean\Downloads\stsw-stm32121\STM32_USB-FS-Devic #
#                    e_Lib_V4.0.0\Projects\VirtualComport_Loopback\EWARM\STM3 #
#                    2373C_EVAL\Obj\stm32f37x_exti.o                          #
#                    C:\Users\Sean\Downloads\stsw-stm32121\STM32_USB-FS-Devic #
#                    e_Lib_V4.0.0\Projects\VirtualComport_Loopback\EWARM\STM3 #
#                    2373C_EVAL\Obj\stm32f37x_flash.o                         #
#                    C:\Users\Sean\Downloads\stsw-stm32121\STM32_USB-FS-Devic #
#                    e_Lib_V4.0.0\Projects\VirtualComport_Loopback\EWARM\STM3 #
#                    2373C_EVAL\Obj\stm32f37x_gpio.o                          #
#                    C:\Users\Sean\Downloads\stsw-stm32121\STM32_USB-FS-Devic #
#                    e_Lib_V4.0.0\Projects\VirtualComport_Loopback\EWARM\STM3 #
#                    2373C_EVAL\Obj\stm32f37x_misc.o                          #
#                    C:\Users\Sean\Downloads\stsw-stm32121\STM32_USB-FS-Devic #
#                    e_Lib_V4.0.0\Projects\VirtualComport_Loopback\EWARM\STM3 #
#                    2373C_EVAL\Obj\stm32f37x_rcc.o                           #
#                    C:\Users\Sean\Downloads\stsw-stm32121\STM32_USB-FS-Devic #
#                    e_Lib_V4.0.0\Projects\VirtualComport_Loopback\EWARM\STM3 #
#                    2373C_EVAL\Obj\stm32f37x_spi.o                           #
#                    C:\Users\Sean\Downloads\stsw-stm32121\STM32_USB-FS-Devic #
#                    e_Lib_V4.0.0\Projects\VirtualComport_Loopback\EWARM\STM3 #
#                    2373C_EVAL\Obj\stm32f37x_syscfg.o                        #
#                    C:\Users\Sean\Downloads\stsw-stm32121\STM32_USB-FS-Devic #
#                    e_Lib_V4.0.0\Projects\VirtualComport_Loopback\EWARM\STM3 #
#                    2373C_EVAL\Obj\stm32f37x_usart.o                         #
#                    C:\Users\Sean\Downloads\stsw-stm32121\STM32_USB-FS-Devic #
#                    e_Lib_V4.0.0\Projects\VirtualComport_Loopback\EWARM\STM3 #
#                    2373C_EVAL\Obj\system_stm32f37x.o                        #
#                    C:\Users\Sean\Downloads\stsw-stm32121\STM32_USB-FS-Devic #
#                    e_Lib_V4.0.0\Projects\VirtualComport_Loopback\EWARM\STM3 #
#                    2373C_EVAL\Obj\usb_core.o C:\Users\Sean\Downloads\stsw-s #
#                    tm32121\STM32_USB-FS-Device_Lib_V4.0.0\Projects\VirtualC #
#                    omport_Loopback\EWARM\STM32373C_EVAL\Obj\usb_desc.o      #
#                    C:\Users\Sean\Downloads\stsw-stm32121\STM32_USB-FS-Devic #
#                    e_Lib_V4.0.0\Projects\VirtualComport_Loopback\EWARM\STM3 #
#                    2373C_EVAL\Obj\usb_endp.o C:\Users\Sean\Downloads\stsw-s #
#                    tm32121\STM32_USB-FS-Device_Lib_V4.0.0\Projects\VirtualC #
#                    omport_Loopback\EWARM\STM32373C_EVAL\Obj\usb_init.o      #
#                    C:\Users\Sean\Downloads\stsw-stm32121\STM32_USB-FS-Devic #
#                    e_Lib_V4.0.0\Projects\VirtualComport_Loopback\EWARM\STM3 #
#                    2373C_EVAL\Obj\usb_int.o C:\Users\Sean\Downloads\stsw-st #
#                    m32121\STM32_USB-FS-Device_Lib_V4.0.0\Projects\VirtualCo #
#                    mport_Loopback\EWARM\STM32373C_EVAL\Obj\usb_istr.o       #
#                    C:\Users\Sean\Downloads\stsw-stm32121\STM32_USB-FS-Devic #
#                    e_Lib_V4.0.0\Projects\VirtualComport_Loopback\EWARM\STM3 #
#                    2373C_EVAL\Obj\usb_mem.o C:\Users\Sean\Downloads\stsw-st #
#                    m32121\STM32_USB-FS-Device_Lib_V4.0.0\Projects\VirtualCo #
#                    mport_Loopback\EWARM\STM32373C_EVAL\Obj\usb_prop.o       #
#                    C:\Users\Sean\Downloads\stsw-stm32121\STM32_USB-FS-Devic #
#                    e_Lib_V4.0.0\Projects\VirtualComport_Loopback\EWARM\STM3 #
#                    2373C_EVAL\Obj\usb_pwr.o C:\Users\Sean\Downloads\stsw-st #
#                    m32121\STM32_USB-FS-Device_Lib_V4.0.0\Projects\VirtualCo #
#                    mport_Loopback\EWARM\STM32373C_EVAL\Obj\usb_regs.o       #
#                    C:\Users\Sean\Downloads\stsw-stm32121\STM32_USB-FS-Devic #
#                    e_Lib_V4.0.0\Projects\VirtualComport_Loopback\EWARM\STM3 #
#                    2373C_EVAL\Obj\usb_sil.o --redirect _Printf=_PrintfFull  #
#                    --redirect _Scanf=_ScanfFull -o                          #
#                    C:\Users\Sean\Downloads\stsw-stm32121\STM32_USB-FS-Devic #
#                    e_Lib_V4.0.0\Projects\VirtualComport_Loopback\EWARM\STM3 #
#                    2373C_EVAL\Exe\VirtualComport_Loopback.out --map         #
#                    C:\Users\Sean\Downloads\stsw-stm32121\STM32_USB-FS-Devic #
#                    e_Lib_V4.0.0\Projects\VirtualComport_Loopback\EWARM\STM3 #
#                    2373C_EVAL\List\VirtualComport_Loopback.map --config     #
#                    C:\Users\Sean\Downloads\stsw-stm32121\STM32_USB-FS-Devic #
#                    e_Lib_V4.0.0\Projects\VirtualComport_Loopback\EWARM\stm3 #
#                    2f37x_flash.icf --semihosting --entry                    #
#                    __iar_program_start --vfe                                #
#                                                                             #
#                                                                             #
###############################################################################

*******************************************************************************
*** RUNTIME MODEL ATTRIBUTES
***

CppFlavor       = *
__SystemLibrary = DLib


*******************************************************************************
*** PLACEMENT SUMMARY
***

"A1":  place at 0x08000000 { ro section .intvec };
"P1":  place in [from 0x08000000 to 0x0803ffff] { ro };
"P2":  place in [from 0x20000000 to 0x20007fff] { rw, block CSTACK, block HEAP };

  Section            Kind        Address    Size  Object
  -------            ----        -------    ----  ------
"A1":                                      0x188
  .intvec            ro code  0x08000000   0x188  startup_stm32f37x.o [1]
                            - 0x08000188   0x188

"P1":                                     0x1918
  .text              ro code  0x08000188   0x7d2  usb_core.o [1]
  .text              ro code  0x0800095a    0x2e  copy_init3.o [5]
  .text              ro code  0x08000988   0x1d2  usb_regs.o [1]
  .text              ro code  0x08000b5a    0x48  usb_mem.o [1]
  .text              ro code  0x08000ba2    0x22  zero_init3.o [5]
  .text              ro code  0x08000bc4   0x204  usb_prop.o [1]
  .text              ro code  0x08000dc8   0x1c4  hw_config.o [1]
  .text              ro code  0x08000f8c   0x184  usb_pwr.o [1]
  .text              ro code  0x08001110    0x1c  usb_sil.o [1]
  .text              ro code  0x0800112c    0x4c  stm32f37x_rcc.o [1]
  .text              ro code  0x08001178    0x9a  stm32f37x_gpio.o [1]
  .text              ro code  0x08001214    0x78  stm32f37x_exti.o [1]
  .text              ro code  0x0800128c    0xf4  system_stm32f37x.o [1]
  .text              ro code  0x08001380    0x78  stm32f37x_misc.o [1]
  .text              ro code  0x080013f8   0x140  usb_int.o [1]
  .text              ro code  0x08001538   0x134  usb_istr.o [1]
  .rodata            const    0x0800166c    0xb8  usb_desc.o [1]
  .text              ro code  0x08001724    0x50  main.o [1]
  .text              ro code  0x08001774    0x20  usb_init.o [1]
  .text              ro code  0x08001794    0x3c  usb_endp.o [1]
  .text              ro code  0x080017d0    0x28  data_init.o [5]
  .iar.init_table    const    0x080017f8    0x24  - Linker created -
  .text              ro code  0x0800181c    0x1e  stm32_it.o [1]
  .text              ro code  0x0800183c    0x1a  fpinit_M.o [4]
  .text              ro code  0x08001858    0x1a  cmain.o [5]
  .text              ro code  0x08001872     0x4  low_level_init.o [3]
  .text              ro code  0x08001876     0x4  exit.o [3]
  .text              ro code  0x0800187c     0xa  cexit.o [5]
  .text              ro code  0x08001888    0x14  exit.o [6]
  .text              ro code  0x0800189c    0x10  startup_stm32f37x.o [1]
  .text              ro code  0x080018ac     0xc  cstartup_M.o [5]
  .text              ro code  0x080018b8     0x4  startup_stm32f37x.o [1]
  .text              ro code  0x080018bc     0x4  startup_stm32f37x.o [1]
  .text              ro code  0x080018c0     0x4  startup_stm32f37x.o [1]
  .text              ro code  0x080018c4     0x4  startup_stm32f37x.o [1]
  .text              ro code  0x080018c8     0x4  startup_stm32f37x.o [1]
  .text              ro code  0x080018cc     0x4  startup_stm32f37x.o [1]
  .text              ro code  0x080018d0     0x4  startup_stm32f37x.o [1]
  .text              ro code  0x080018d4     0x4  startup_stm32f37x.o [1]
  .text              ro code  0x080018d8     0x4  startup_stm32f37x.o [1]
  .text              ro code  0x080018dc     0x4  startup_stm32f37x.o [1]
  .text              ro code  0x080018e0     0x4  startup_stm32f37x.o [1]
  .text              ro code  0x080018e4     0x4  startup_stm32f37x.o [1]
  .text              ro code  0x080018e8     0x4  startup_stm32f37x.o [1]
  .text              ro code  0x080018ec     0x4  startup_stm32f37x.o [1]
  .text              ro code  0x080018f0     0x4  startup_stm32f37x.o [1]
  .text              ro code  0x080018f4     0x4  startup_stm32f37x.o [1]
  .text              ro code  0x080018f8     0x4  startup_stm32f37x.o [1]
  .text              ro code  0x080018fc     0x4  startup_stm32f37x.o [1]
  .text              ro code  0x08001900     0x4  startup_stm32f37x.o [1]
  .text              ro code  0x08001904     0x4  startup_stm32f37x.o [1]
  .text              ro code  0x08001908     0x4  startup_stm32f37x.o [1]
  .text              ro code  0x0800190c     0x4  startup_stm32f37x.o [1]
  .text              ro code  0x08001910     0x4  startup_stm32f37x.o [1]
  .text              ro code  0x08001914     0x4  startup_stm32f37x.o [1]
  .text              ro code  0x08001918     0x4  startup_stm32f37x.o [1]
  .text              ro code  0x0800191c     0x4  startup_stm32f37x.o [1]
  .text              ro code  0x08001920     0x4  startup_stm32f37x.o [1]
  .text              ro code  0x08001924     0x4  startup_stm32f37x.o [1]
  .text              ro code  0x08001928     0x4  startup_stm32f37x.o [1]
  .text              ro code  0x0800192c     0x4  startup_stm32f37x.o [1]
  .text              ro code  0x08001930     0x4  startup_stm32f37x.o [1]
  .text              ro code  0x08001934     0x4  startup_stm32f37x.o [1]
  .text              ro code  0x08001938     0x4  startup_stm32f37x.o [1]
  .text              ro code  0x0800193c     0x4  startup_stm32f37x.o [1]
  .text              ro code  0x08001940     0x4  startup_stm32f37x.o [1]
  .text              ro code  0x08001944     0x4  startup_stm32f37x.o [1]
  .text              ro code  0x08001948     0x4  startup_stm32f37x.o [1]
  .text              ro code  0x0800194c     0x4  startup_stm32f37x.o [1]
  .text              ro code  0x08001950     0x4  startup_stm32f37x.o [1]
  .text              ro code  0x08001954     0x4  startup_stm32f37x.o [1]
  .text              ro code  0x08001958     0x4  startup_stm32f37x.o [1]
  .text              ro code  0x0800195c     0x4  startup_stm32f37x.o [1]
  .text              ro code  0x08001960     0x4  startup_stm32f37x.o [1]
  .text              ro code  0x08001964     0x4  startup_stm32f37x.o [1]
  .text              ro code  0x08001968     0x4  startup_stm32f37x.o [1]
  .text              ro code  0x0800196c     0x4  startup_stm32f37x.o [1]
  .text              ro code  0x08001970     0x4  startup_stm32f37x.o [1]
  .text              ro code  0x08001974     0x4  startup_stm32f37x.o [1]
  .text              ro code  0x08001978     0x4  startup_stm32f37x.o [1]
  .text              ro code  0x0800197c     0x4  startup_stm32f37x.o [1]
  .text              ro code  0x08001980     0x4  startup_stm32f37x.o [1]
  .text              ro code  0x08001984     0x4  startup_stm32f37x.o [1]
  .text              ro code  0x08001988     0x4  startup_stm32f37x.o [1]
  .text              ro code  0x0800198c     0x4  startup_stm32f37x.o [1]
  .text              ro code  0x08001990     0x4  startup_stm32f37x.o [1]
  .text              ro code  0x08001994     0x4  startup_stm32f37x.o [1]
  .text              ro code  0x08001998     0x4  startup_stm32f37x.o [1]
  .text              ro code  0x0800199c     0x4  startup_stm32f37x.o [1]
  .text              ro code  0x080019a0     0x4  startup_stm32f37x.o [1]
  .text              ro code  0x080019a4     0x4  startup_stm32f37x.o [1]
  .text              ro code  0x080019a8     0x4  startup_stm32f37x.o [1]
  .text              ro code  0x080019ac     0x4  startup_stm32f37x.o [1]
  .rodata            const    0x080019b0     0x0  zero_init3.o [5]
  .rodata            const    0x080019b0     0x0  copy_init3.o [5]
  Initializer bytes  ro data  0x080019b0    0xf0  <for P2 s0>
                            - 0x08001aa0  0x1918

"P2", part 1 of 3:                          0xf0
  P2 s0                       0x20000000    0xf0  <Init block>
    .data            inited   0x20000000    0x30  usb_prop.o [1]
    .data            inited   0x20000030    0x24  usb_prop.o [1]
    .data            inited   0x20000054    0x20  usb_prop.o [1]
    .data            inited   0x20000074    0x1c  usb_desc.o [1]
    .data            inited   0x20000090    0x1c  usb_istr.o [1]
    .data            inited   0x200000ac    0x1c  usb_istr.o [1]
    .data            inited   0x200000c8     0x8  usb_prop.o [1]
    .data            inited   0x200000d0     0x8  usb_prop.o [1]
    .data            inited   0x200000d8     0x8  usb_prop.o [1]
    .data            inited   0x200000e0     0x4  main.o [1]
    .data            inited   0x200000e4     0x4  main.o [1]
    .data            inited   0x200000e8     0x4  usb_prop.o [1]
    .data            inited   0x200000ec     0x1  usb_pwr.o [1]
                            - 0x200000f0    0xf0

"P2", part 2 of 3:                          0xc0
  .bss               zero     0x200000f0    0x40  hw_config.o [1]
  .bss               zero     0x20000130    0x28  usb_init.o [1]
  .bss               zero     0x20000158    0x20  usb_pwr.o [1]
  .bss               zero     0x20000178     0xc  usb_istr.o [1]
  .bss               zero     0x20000184     0x8  hw_config.o [1]
  .bss               zero     0x2000018c     0x8  usb_pwr.o [1]
  .bss               zero     0x20000194     0x4  usb_core.o [1]
  .bss               zero     0x20000198     0x4  usb_endp.o [1]
  .bss               zero     0x2000019c     0x4  usb_int.o [1]
  .bss               zero     0x200001a0     0x4  usb_pwr.o [1]
  .bss               zero     0x200001a4     0x2  usb_init.o [1]
  .bss               zero     0x200001a6     0x1  usb_core.o [1]
  .bss               zero     0x200001a7     0x1  usb_init.o [1]
  .bss               zero     0x200001a8     0x1  usb_prop.o [1]
                            - 0x200001a9    0xb9

"P2", part 3 of 3:                        0x1800
  CSTACK                      0x200001b0  0x1800  <Block>
    CSTACK           uninit   0x200001b0  0x1800  <Block tail>
                            - 0x200019b0  0x1800


*******************************************************************************
*** INIT TABLE
***

          Address     Size
          -------     ----
Zero (__iar_zero_init3)
    1 destination range, total size 0xb9:
          0x200000f0  0xb9

Copy (__iar_copy_init3)
    1 source range, total size 0xf0 (101% of destination):
          0x080019b0  0xf0
    1 destination range, total size 0xed:
          0x20000000  0xed



*******************************************************************************
*** MODULE SUMMARY
***

    Module               ro code  ro data  rw data
    ------               -------  -------  -------
C:\Users\Sean\Downloads\stsw-stm32121\STM32_USB-FS-Device_Lib_V4.0.0\Projects\VirtualComport_Loopback\EWARM\STM32373C_EVAL\Obj: [1]
    hw_config.o              452                72
    main.o                    80        8        8
    startup_stm32f37x.o      656
    stm32_it.o                30
    stm32f37x_exti.o         120
    stm32f37x_gpio.o         154
    stm32f37x_misc.o         120
    stm32f37x_rcc.o           76
    system_stm32f37x.o       244
    usb_core.o             2 002                 5
    usb_desc.o                        212       28
    usb_endp.o                60                 4
    usb_init.o                32                43
    usb_int.o                320                 4
    usb_istr.o               308       56       68
    usb_mem.o                 72
    usb_prop.o               516      144      145
    usb_pwr.o                388        1       45
    usb_regs.o               466
    usb_sil.o                 28
    ----------------------------------------------
    Total:                 6 124      421      422

command line: [2]
    ----------------------------------------------
    Total:

dl7M_tln.a: [3]
    exit.o                     4
    low_level_init.o           4
    ----------------------------------------------
    Total:                     8

m7M_tlv.a: [4]
    fpinit_M.o                26
    ----------------------------------------------
    Total:                    26

rt7M_tl.a: [5]
    cexit.o                   10
    cmain.o                   26
    copy_init3.o              46
    cstartup_M.o              12
    data_init.o               40
    zero_init3.o              34
    ----------------------------------------------
    Total:                   168

shb_l.a: [6]
    exit.o                    20
    ----------------------------------------------
    Total:                    20

    Gaps                      10
    Linker created                     39    6 144
--------------------------------------------------
    Grand Total:           6 356      460    6 566


*******************************************************************************
*** ENTRY LIST
***

Entry                      Address   Size  Type      Object
-----                      -------   ----  ----      ------
?main                   0x08001859         Code  Gb  cmain.o [5]
BusFault_Handler        0x08001823    0x2  Code  Gb  stm32_it.o [1]
ByteSwap                0x08000b51    0xa  Code  Gb  usb_regs.o [1]
CDC_Receive_DATA        0x08000f5b   0x12  Code  Gb  hw_config.o [1]
CDC_Send_DATA           0x08000f2f   0x2c  Code  Gb  hw_config.o [1]
CSTACK$$Base            0x200001b0          --   Gb  - Linker created -
CSTACK$$Limit           0x200019b0          --   Gb  - Linker created -
CTR_LP                  0x080013f9  0x128  Code  Gb  usb_int.o [1]
ClearDTOG_RX            0x08000a49   0x24  Code  Gb  usb_regs.o [1]
ClearDTOG_TX            0x08000a6d   0x22  Code  Gb  usb_regs.o [1]
Clear_Status_Out        0x08000a2b   0x14  Code  Gb  usb_regs.o [1]
Config_Descriptor       0x200000d8    0x8  Data  Gb  usb_prop.o [1]
DataStageIn             0x0800043b   0xa6  Code  Lc  usb_core.o [1]
Data_Mul_MaxPacketSize  0x200001a6    0x1  Data  Gb  usb_core.o [1]
Data_Setup0             0x080005ad  0x182  Code  Lc  usb_core.o [1]
DebugMon_Handler        0x08001829    0x2  Code  Gb  stm32_it.o [1]
Device_Descriptor       0x200000d0    0x8  Data  Gb  usb_prop.o [1]
Device_Info             0x20000130   0x1c  Data  Gb  usb_init.o [1]
Device_Property         0x20000000   0x30  Data  Gb  usb_prop.o [1]
Device_Table            0x200000e8    0x4  Data  Gb  usb_prop.o [1]
EP                      0x20000158   0x20  Data  Gb  usb_pwr.o [1]
EP1_IN_Callback         0x08001795    0x8  Code  Gb  usb_endp.o [1]
EP3_OUT_Callback        0x0800179d   0x22  Code  Gb  usb_endp.o [1]
EPindex                 0x200001a7    0x1  Data  Gb  usb_init.o [1]
EXTI_ClearITPendingBit  0x0800127b    0x2  Code  Gb  stm32f37x_exti.o [1]
EXTI_Init               0x08001215   0x66  Code  Gb  stm32f37x_exti.o [1]
EXTI_InitStructure      0x20000184    0x8  Data  Gb  hw_config.o [1]
GPIO_Init               0x08001179   0x6e  Code  Gb  stm32f37x_gpio.o [1]
GPIO_PinAFConfig        0x080011ef   0x24  Code  Gb  stm32f37x_gpio.o [1]
GPIO_ResetBits          0x080011eb    0x4  Code  Gb  stm32f37x_gpio.o [1]
GPIO_SetBits            0x080011e7    0x4  Code  Gb  stm32f37x_gpio.o [1]
GetEPRxAddr             0x08000aa1    0xe  Code  Gb  usb_regs.o [1]
GetEPRxCount            0x08000af5    0xe  Code  Gb  usb_regs.o [1]
GetEPTxAddr             0x08000a9f    0x2  Code  Gb  usb_regs.o [1]
Get_SerialNum           0x08000edf   0x28  Code  Gb  hw_config.o [1]
HardFault_Handler       0x0800181f    0x2  Code  Gb  stm32_it.o [1]
In0_Process             0x080007a1   0x4a  Code  Gb  usb_core.o [1]
IntToUnicode            0x08000f07   0x28  Code  Lc  hw_config.o [1]
Leave_LowPowerMode      0x08000e79   0x14  Code  Gb  hw_config.o [1]
MemManage_Handler       0x08001821    0x2  Code  Gb  stm32_it.o [1]
NMI_Handler             0x0800181d    0x2  Code  Gb  stm32_it.o [1]
NOP_Process             0x08000959    0x2  Code  Gb  usb_core.o [1]
NVIC_Init               0x0800138b   0x58  Code  Gb  stm32f37x_misc.o [1]
NVIC_PriorityGroupConfig
                        0x08001381    0xa  Code  Gb  stm32f37x_misc.o [1]
NoData_Setup0           0x080004e1   0xcc  Code  Lc  usb_core.o [1]
Out0_Process            0x080007eb   0xb0  Code  Gb  usb_core.o [1]
PMAToUserBufferCopy     0x08000b85   0x1e  Code  Gb  usb_mem.o [1]
PendSV_Handler          0x0800182b    0x2  Code  Gb  stm32_it.o [1]
Post0_Process           0x0800089b   0x2c  Code  Gb  usb_core.o [1]
PowerOn                 0x08000f8d   0x22  Code  Gb  usb_pwr.o [1]
RCC_AHBPeriphClockCmd   0x08001133   0x12  Code  Gb  stm32f37x_rcc.o [1]
RCC_APB1PeriphClockCmd  0x08001157   0x12  Code  Gb  stm32f37x_rcc.o [1]
RCC_APB2PeriphClockCmd  0x08001145   0x12  Code  Gb  stm32f37x_rcc.o [1]
RCC_USBCLKConfig        0x0800112d    0x6  Code  Gb  stm32f37x_rcc.o [1]
Receive_Buffer          0x200000f0   0x40  Data  Gb  hw_config.o [1]
Receive_length          0x20000198    0x4  Data  Gb  usb_endp.o [1]
Region$$Table$$Base     0x080017f8          --   Gb  - Linker created -
Region$$Table$$Limit    0x0800181c          --   Gb  - Linker created -
Request                 0x200001a8    0x1  Data  Gb  usb_prop.o [1]
Resume                  0x08001071   0x84  Code  Gb  usb_pwr.o [1]
ResumeS                 0x2000018c    0x4  Data  Gb  usb_pwr.o [1]
Resume_Init             0x08001055   0x1a  Code  Gb  usb_pwr.o [1]
SVC_Handler             0x08001827    0x2  Code  Gb  stm32_it.o [1]
SaveRState              0x2000019c    0x2  Data  Gb  usb_int.o [1]
SaveTState              0x2000019e    0x2  Data  Gb  usb_int.o [1]
SetBTABLE               0x08000989    0xe  Code  Gb  usb_regs.o [1]
SetDeviceAddress        0x080008dd   0x36  Code  Gb  usb_core.o [1]
SetEPRxAddr             0x08000a91    0xe  Code  Gb  usb_regs.o [1]
SetEPRxCount            0x08000abd   0x38  Code  Gb  usb_regs.o [1]
SetEPRxStatus           0x080009cd   0x20  Code  Gb  usb_regs.o [1]
SetEPRxValid            0x08000a13   0x18  Code  Gb  usb_regs.o [1]
SetEPTxAddr             0x08000a8f    0x2  Code  Gb  usb_regs.o [1]
SetEPTxCount            0x08000aaf    0xe  Code  Gb  usb_regs.o [1]
SetEPTxStatus           0x080009ab   0x22  Code  Gb  usb_regs.o [1]
SetEPTxValid            0x080009fb   0x18  Code  Gb  usb_regs.o [1]
SetEPType               0x08000997   0x14  Code  Gb  usb_regs.o [1]
Set_System              0x08000dc9   0x9a  Code  Gb  hw_config.o [1]
Set_USBClock            0x08000e63   0x16  Code  Gb  hw_config.o [1]
Setup0_Process          0x08000739   0x68  Code  Gb  usb_core.o [1]
Standard_ClearFeature   0x080002d1   0xc2  Code  Gb  usb_core.o [1]
Standard_GetConfiguration
                        0x08000189   0x18  Code  Gb  usb_core.o [1]
Standard_GetDescriptorData
                        0x08000421   0x1a  Code  Gb  usb_core.o [1]
Standard_GetInterface   0x080001d3   0x18  Code  Gb  usb_core.o [1]
Standard_GetStatus      0x0800023b   0x8e  Code  Gb  usb_core.o [1]
Standard_SetConfiguration
                        0x080001a1   0x32  Code  Gb  usb_core.o [1]
Standard_SetDeviceFeature
                        0x08000405   0x1c  Code  Gb  usb_core.o [1]
Standard_SetEndPointFeature
                        0x08000393   0x72  Code  Gb  usb_core.o [1]
Standard_SetInterface   0x080001f5   0x46  Code  Gb  usb_core.o [1]
StatusInfo              0x20000194    0x4  Data  Gb  usb_core.o [1]
String_Descriptor       0x20000054   0x20  Data  Gb  usb_prop.o [1]
Suspend                 0x08000faf   0xa6  Code  Gb  usb_pwr.o [1]
SysTick_Handler         0x0800182d    0x2  Code  Gb  stm32_it.o [1]
SystemInit              0x0800128d   0xda  Code  Gb  system_stm32f37x.o [1]
USBWakeUp_IRQHandler    0x08001833    0x8  Code  Gb  stm32_it.o [1]
USB_Cable_Config        0x08000ecb   0x14  Code  Gb  hw_config.o [1]
USB_Init                0x08001775   0x20  Code  Gb  usb_init.o [1]
USB_Interrupts_Config   0x08000e8d   0x34  Code  Gb  hw_config.o [1]
USB_Istr                0x08001539  0x134  Code  Gb  usb_istr.o [1]
USB_LP_IRQHandler       0x0800182f    0x4  Code  Gb  stm32_it.o [1]
USB_SIL_Init            0x08001111   0x14  Code  Gb  usb_sil.o [1]
UsageFault_Handler      0x08001825    0x2  Code  Gb  stm32_it.o [1]
UserToPMABufferCopy     0x08000b5b   0x2a  Code  Gb  usb_mem.o [1]
User_Standard_Requests  0x20000030   0x24  Data  Gb  usb_prop.o [1]
Virtual_Com_Port_ConfigDescriptor
                        0x08001680   0x44  Data  Gb  usb_desc.o [1]
Virtual_Com_Port_Data_Setup
                        0x08000cdf   0x56  Code  Gb  usb_prop.o [1]
Virtual_Com_Port_DeviceDescriptor
                        0x0800166c   0x14  Data  Gb  usb_desc.o [1]
Virtual_Com_Port_GetConfigDescriptor
                        0x08000d59    0x6  Code  Gb  usb_prop.o [1]
Virtual_Com_Port_GetDeviceDescriptor
                        0x08000d53    0x6  Code  Gb  usb_prop.o [1]
Virtual_Com_Port_GetLineCoding
                        0x08000d85    0x6  Code  Gb  usb_prop.o [1]
Virtual_Com_Port_GetStringDescriptor
                        0x08000d5f   0x18  Code  Gb  usb_prop.o [1]
Virtual_Com_Port_Get_Interface_Setting
                        0x08000d77    0xe  Code  Gb  usb_prop.o [1]
Virtual_Com_Port_NoData_Setup
                        0x08000d35   0x1e  Code  Gb  usb_prop.o [1]
Virtual_Com_Port_Reset  0x08000be3   0xd6  Code  Gb  usb_prop.o [1]
Virtual_Com_Port_SetConfiguration
                        0x08000cb9    0xe  Code  Gb  usb_prop.o [1]
Virtual_Com_Port_SetDeviceAddress
                        0x08000cc7    0x8  Code  Gb  usb_prop.o [1]
Virtual_Com_Port_SetLineCoding
                        0x08000d8d    0x4  Code  Gb  usb_prop.o [1]
Virtual_Com_Port_Status_In
                        0x08000ccf    0xe  Code  Gb  usb_prop.o [1]
Virtual_Com_Port_Status_Out
                        0x08000cdd    0x2  Code  Gb  usb_prop.o [1]
Virtual_Com_Port_StringLangID
                        0x080016c4    0x4  Data  Gb  usb_desc.o [1]
Virtual_Com_Port_StringProduct
                        0x080016f0   0x34  Data  Gb  usb_desc.o [1]
Virtual_Com_Port_StringSerial
                        0x20000074   0x1c  Data  Gb  usb_desc.o [1]
Virtual_Com_Port_StringVendor
                        0x080016c8   0x28  Data  Gb  usb_desc.o [1]
Virtual_Com_Port_init   0x08000bc5   0x1e  Code  Gb  usb_prop.o [1]
__ICFEDIT_region_RAM_end__ {Abs}
                        0x20007fff          --   Gb  command line/config [2]
__ICFEDIT_region_RAM_start__ {Abs}
                        0x20000000          --   Gb  command line/config [2]
__cmain                 0x08001859         Code  Gb  cmain.o [5]
__exit                  0x08001889   0x14  Code  Gb  exit.o [6]
__iar_copy_init3        0x0800095b   0x2e  Code  Gb  copy_init3.o [5]
__iar_data_init3        0x080017d1   0x28  Code  Gb  data_init.o [5]
__iar_init_vfp          0x0800183d         Code  Gb  fpinit_M.o [4]
__iar_program_start     0x080018ad         Code  Gb  cstartup_M.o [5]
__iar_zero_init3        0x08000ba3   0x22  Code  Gb  zero_init3.o [5]
__low_level_init        0x08001873    0x4  Code  Gb  low_level_init.o [3]
__vector_table          0x08000000         Data  Gb  startup_stm32f37x.o [1]
_call_main              0x08001865         Code  Gb  cmain.o [5]
_exit                   0x0800187d         Code  Gb  cexit.o [5]
_main                   0x0800186f         Code  Gb  cmain.o [5]
bDeviceState            0x200001a0    0x4  Data  Gb  usb_pwr.o [1]
bIntPackSOF             0x20000178    0x1  Data  Gb  usb_istr.o [1]
esof_counter            0x2000017c    0x4  Data  Gb  usb_istr.o [1]
exit                    0x08001877    0x4  Code  Gb  exit.o [3]
fSuspendEnabled         0x200000ec    0x1  Data  Gb  usb_pwr.o [1]
linecoding              0x200000c8    0x8  Data  Gb  usb_prop.o [1]
main                    0x08001725   0x50  Code  Gb  main.o [1]
pEpInt_IN               0x20000090   0x1c  Data  Gb  usb_istr.o [1]
pEpInt_OUT              0x200000ac   0x1c  Data  Gb  usb_istr.o [1]
pInformation            0x2000014c    0x4  Data  Gb  usb_init.o [1]
pProperty               0x20000150    0x4  Data  Gb  usb_init.o [1]
pUser_Standard_Requests
                        0x20000154    0x4  Data  Gb  usb_init.o [1]
packet_receive          0x200000e4    0x4  Data  Gb  main.o [1]
packet_sent             0x200000e0    0x4  Data  Gb  main.o [1]
remotewakeupon          0x20000190    0x4  Data  Gb  usb_pwr.o [1]
wCNTR                   0x20000180    0x4  Data  Gb  usb_istr.o [1]
wInterrupt_Mask         0x200001a4    0x2  Data  Gb  usb_init.o [1]
wIstr                   0x2000017a    0x2  Data  Gb  usb_istr.o [1]


[1] = C:\Users\Sean\Downloads\stsw-stm32121\STM32_USB-FS-Device_Lib_V4.0.0\Projects\VirtualComport_Loopback\EWARM\STM32373C_EVAL\Obj
[2] = command line
[3] = dl7M_tln.a
[4] = m7M_tlv.a
[5] = rt7M_tl.a
[6] = shb_l.a

  6 356 bytes of readonly  code memory
    460 bytes of readonly  data memory
  6 566 bytes of readwrite data memory

Errors: none
Warnings: none
